existing results preserved as benchmark/results_20260903_033056.csv
  small N=100000 K=10 S=32  P=1 done
  small N=100000 K=10 S=32  P=2 done
  small N=100000 K=10 S=32  P=4 done
  small N=100000 K=10 S=32  P=8 done
  medium N=1000000 K=10 S=64  P=1 done
  medium N=1000000 K=10 S=64  P=2 done
  medium N=1000000 K=10 S=64  P=4 done
  medium N=1000000 K=10 S=64  P=8 done
  keys_few N=1000000 K=10 S=4  P=1 done
  keys_few N=1000000 K=10 S=4  P=2 done
  keys_few N=1000000 K=10 S=4  P=4 done
  keys_few N=1000000 K=10 S=4  P=8 done
  keys_many N=1000000 K=10 S=5000  P=1 done
  keys_many N=1000000 K=10 S=5000  P=2 done
  keys_many N=1000000 K=10 S=5000  P=4 done
  keys_many N=1000000 K=10 S=5000  P=8 done
  topk_large N=1000000 K=100 S=128  P=1 done
  topk_large N=1000000 K=100 S=128  P=2 done
  topk_large N=1000000 K=100 S=128  P=4 done
  topk_large N=1000000 K=100 S=128  P=8 done

results written to /home/cs3401.58/DS_HW2/Q7/benchmark/results.csv
now run:  ./tools/analyze
